scripts/importBible.ts(56,30): error TS2345: Argument of type '"gbk"' is not assignable to parameter of type 'BufferEncoding | undefined'.
